src/components/inspector/StandupInspector.tsx(56,30): error TS2322: Type '{ children: Element[]; className: string; }' is not assignable to type 'IntrinsicAttributes & { children: ReactNode; }'.
  Property 'className' does not exist on type 'IntrinsicAttributes & { children: ReactNode; }'.
src/components/inspector/StandupInspector.tsx(65,33): error TS2322: Type '{ children: string; className: string; }' is not assignable to type 'IntrinsicAttributes & { children: ReactNode; }'.
  Property 'className' does not exist on type 'IntrinsicAttributes & { children: ReactNode; }'.
src/components/inspector/StandupInspector.tsx(68,39): error TS2322: Type '{ children: Element[]; className: string; }' is not assignable to type 'IntrinsicAttributes & { children: ReactNode; }'.
  Property 'className' does not exist on type 'IntrinsicAttributes & { children: ReactNode; }'.
src/lib/mockData.ts(52,19): error TS2345: Argument of type '{ recordLink: string; status: string; sprintGoal: string; sprint: string; person: string; id: string; name: string; module: string; screen: string; goal: string; timestamp: string; }' is not assignable to parameter of type 'RawLogEvent'.
  Type '{ recordLink: string; status: string; sprintGoal: string; sprint: string; person: string; id: string; name: string; module: string; screen: string; goal: string; timestamp: string; }' is missing the following properties from type 'RawLogEvent': taskId, taskName
src/lib/mockData.ts(65,19): error TS2345: Argument of type '{ recordLink: string; status: string; sprintGoal: string; sprint: string; person: string; id: string; name: string; module: string; screen: string; goal: string; timestamp: string; }' is not assignable to parameter of type 'RawLogEvent'.
  Type '{ recordLink: string; status: string; sprintGoal: string; sprint: string; person: string; id: string; name: string; module: string; screen: string; goal: string; timestamp: string; }' is missing the following properties from type 'RawLogEvent': taskId, taskName
src/lib/mockData.ts(78,23): error TS2345: Argument of type '{ recordLink: string; status: string; sprintGoal: string; sprint: string; person: string; id: string; name: string; module: string; screen: string; goal: string; timestamp: string; }' is not assignable to parameter of type 'RawLogEvent'.
  Type '{ recordLink: string; status: string; sprintGoal: string; sprint: string; person: string; id: string; name: string; module: string; screen: string; goal: string; timestamp: string; }' is missing the following properties from type 'RawLogEvent': taskId, taskName
